RESULT candidate_0003279 candidate_id=3280 status=REPORT gate_status=TOO_MANY_FAIL fail=4 very_suspicious=0 suspicious=1 mildly_suspicious=0 unusual=1 total_results=46
RESULT candidate_0011043 candidate_id=11044 status=REPORT gate_status=TOO_MANY_FAIL fail=3 very_suspicious=1 suspicious=0 mildly_suspicious=0 unusual=1 total_results=46
RESULT candidate_0011855 candidate_id=11856 status=REPORT gate_status=TOO_MANY_FAIL fail=4 very_suspicious=1 suspicious=0 mildly_suspicious=0 unusual=2 total_results=46
RESULT candidate_0015376 candidate_id=15377 status=REPORT gate_status=TOO_MANY_FAIL fail=4 very_suspicious=1 suspicious=1 mildly_suspicious=2 unusual=0 total_results=46
RESULT candidate_0015681 candidate_id=15682 status=REPORT gate_status=TOO_MANY_FAIL fail=4 very_suspicious=0 suspicious=0 mildly_suspicious=0 unusual=0 total_results=46
ZERO_FAILER_SAVED candidate_0022159 dir=secret_34_outputs_retry/ladder_zero_failers_00002_c/candidate_0022159
PASSER_SAVED candidate_0022159 dir=secret_34_outputs_retry/ladder_passers_00002_c/candidate_0022159
RESULT candidate_0022159 candidate_id=22160 status=REPORT gate_status=PASS fail=0 very_suspicious=0 suspicious=0 mildly_suspicious=1 unusual=1 total_results=46
RESULT candidate_0025891 candidate_id=25892 status=REPORT gate_status=TOO_MANY_FAIL fail=4 very_suspicious=1 suspicious=0 mildly_suspicious=1 unusual=1 total_results=46
RESULT candidate_0044754 candidate_id=44755 status=REPORT gate_status=TOO_MANY_FAIL fail=4 very_suspicious=0 suspicious=0 mildly_suspicious=1 unusual=0 total_results=46
RESULT candidate_0047896 candidate_id=47897 status=REPORT gate_status=TOO_MANY_FAIL fail=4 very_suspicious=1 suspicious=0 mildly_suspicious=1 unusual=2 total_results=46
RESULT candidate_0049725 candidate_id=49726 status=REPORT gate_status=TOO_MANY_FAIL fail=2 very_suspicious=2 suspicious=0 mildly_suspicious=0 unusual=1 total_results=46
RESULT candidate_0075424 candidate_id=75425 status=REPORT gate_status=TOO_MANY_FAIL fail=4 very_suspicious=1 suspicious=0 mildly_suspicious=0 unusual=3 total_results=46
RESULT candidate_0084063 candidate_id=84064 status=REPORT gate_status=TOO_MANY_FAIL fail=4 very_suspicious=1 suspicious=0 mildly_suspicious=1 unusual=1 total_results=46
RESULT candidate_0090470 candidate_id=90471 status=REPORT gate_status=TOO_MANY_FAIL fail=2 very_suspicious=0 suspicious=1 mildly_suspicious=0 unusual=0 total_results=46
RESULT candidate_0093990 candidate_id=93991 status=REPORT gate_status=TOO_MANY_FAIL fail=5 very_suspicious=3 suspicious=0 mildly_suspicious=0 unusual=0 total_results=46
RESULT candidate_0094435 candidate_id=94436 status=REPORT gate_status=TOO_MANY_FAIL fail=4 very_suspicious=0 suspicious=0 mildly_suspicious=1 unusual=0 total_results=46
RESULT candidate_0100717 candidate_id=100718 status=REPORT gate_status=TOO_MANY_FAIL fail=4 very_suspicious=0 suspicious=1 mildly_suspicious=0 unusual=0 total_results=46
RESULT candidate_0101567 candidate_id=101568 status=REPORT gate_status=TOO_MANY_FAIL fail=3 very_suspicious=1 suspicious=0 mildly_suspicious=0 unusual=2 total_results=46
RESULT candidate_0102862 candidate_id=102863 status=REPORT gate_status=TOO_MANY_FAIL fail=4 very_suspicious=2 suspicious=1 mildly_suspicious=0 unusual=0 total_results=46
RESULT candidate_0106882 candidate_id=106883 status=REPORT gate_status=TOO_MANY_FAIL fail=4 very_suspicious=0 suspicious=0 mildly_suspicious=1 unusual=1 total_results=46
RESULT candidate_0108170 candidate_id=108171 status=REPORT gate_status=TOO_MANY_FAIL fail=3 very_suspicious=1 suspicious=0 mildly_suspicious=1 unusual=1 total_results=46
RESULT candidate_0109040 candidate_id=109041 status=REPORT gate_status=TOO_MANY_FAIL fail=4 very_suspicious=0 suspicious=1 mildly_suspicious=0 unusual=0 total_results=46
RESULT candidate_0112429 candidate_id=112430 status=REPORT gate_status=TOO_MANY_FAIL fail=4 very_suspicious=0 suspicious=0 mildly_suspicious=0 unusual=1 total_results=46
RESULT candidate_0115418 candidate_id=115419 status=REPORT gate_status=TOO_MANY_FAIL fail=4 very_suspicious=1 suspicious=0 mildly_suspicious=1 unusual=3 total_results=46
RESULT candidate_0115614 candidate_id=115615 status=REPORT gate_status=TOO_MANY_FAIL fail=4 very_suspicious=0 suspicious=0 mildly_suspicious=1 unusual=2 total_results=46
RESULT candidate_0117155 candidate_id=117156 status=REPORT gate_status=TOO_MANY_FAIL fail=4 very_suspicious=0 suspicious=1 mildly_suspicious=0 unusual=1 total_results=46
RESULT candidate_0118739 candidate_id=118740 status=REPORT gate_status=TOO_MANY_FAIL fail=4 very_suspicious=0 suspicious=0 mildly_suspicious=0 unusual=1 total_results=46
summary_csv=secret_34_outputs_retry/ladder_passers_00001_b/summary_practrand_c_034BLK.csv
passed_candidates=secret_34_outputs_retry/ladder_passers_00001_b/passed_candidates_practrand_c_034BLK.txt
failed_candidates=secret_34_outputs_retry/ladder_passers_00001_b/failed_candidates_practrand_c_034BLK.txt
zero_fail_candidates=secret_34_outputs_retry/ladder_passers_00001_b/zero_fail_candidates_practrand_c_034BLK.txt
passers_dir=secret_34_outputs_retry/ladder_passers_00002_c
zero_failers_dir=secret_34_outputs_retry/ladder_zero_failers_00002_c
